  Determining projects to restore...
  All projects are up-to-date for restore.
  CaseItau.Domain -> c:\workspace\ItauTest2\case_itau_net_core\src\CaseItau.Domain\bin\Debug\net8.0\CaseItau.Domain.dll
  CaseItau.Application -> c:\workspace\ItauTest2\case_itau_net_core\src\CaseItau.Application\bin\Debug\net8.0\CaseItau.Application.dll
  CaseItau.Infra -> c:\workspace\ItauTest2\case_itau_net_core\src\CaseItau.Infra\bin\Debug\net8.0\CaseItau.Infra.dll
  CaseItau.API -> c:\workspace\ItauTest2\case_itau_net_core\src\CaseItau.API\bin\Debug\net8.0\CaseItau.API.dll
C:\Program Files\dotnet\sdk\10.0.104\Microsoft.Common.CurrentVersion.targets(2437,5): warning MSB3277: Found conflicts between different versions of "Microsoft.EntityFrameworkCore" that could not be resolved. [c:\workspace\ItauTest2\case_itau_net_core\test\CaseItau.Application.IntegrationTests\CaseItau.Application.IntegrationTests.csproj]
C:\Program Files\dotnet\sdk\10.0.104\Microsoft.Common.CurrentVersion.targets(2437,5): warning MSB3277: There was a conflict between "Microsoft.EntityFrameworkCore, Version=8.0.11.0, Culture=neutral, PublicKeyToken=adb9793829ddae60" and "Microsoft.EntityFrameworkCore, Version=8.0.26.0, Culture=neutral, PublicKeyToken=adb9793829ddae60". [c:\workspace\ItauTest2\case_itau_net_core\test\CaseItau.Application.IntegrationTests\CaseItau.Application.IntegrationTests.csproj]
C:\Program Files\dotnet\sdk\10.0.104\Microsoft.Common.CurrentVersion.targets(2437,5): warning MSB3277:     "Microsoft.EntityFrameworkCore, Version=8.0.11.0, Culture=neutral, PublicKeyToken=adb9793829ddae60" was chosen because it was primary and "Microsoft.EntityFrameworkCore, Version=8.0.26.0, Culture=neutral, PublicKeyToken=adb9793829ddae60" was not. [c:\workspace\ItauTest2\case_itau_net_core\test\CaseItau.Application.IntegrationTests\CaseItau.Application.IntegrationTests.csproj]
C:\Program Files\dotnet\sdk\10.0.104\Microsoft.Common.CurrentVersion.targets(2437,5): warning MSB3277:     References which depend on "Microsoft.EntityFrameworkCore, Version=8.0.11.0, Culture=neutral, PublicKeyToken=adb9793829ddae60" [C:\Users\vinic\.nuget\packages\microsoft.entityframeworkcore\8.0.11\lib\net8.0\Microsoft.EntityFrameworkCore.dll]. [c:\workspace\ItauTest2\case_itau_net_core\test\CaseItau.Application.IntegrationTests\CaseItau.Application.IntegrationTests.csproj]
C:\Program Files\dotnet\sdk\10.0.104\Microsoft.Common.CurrentVersion.targets(2437,5): warning MSB3277:         C:\Users\vinic\.nuget\packages\microsoft.entityframeworkcore\8.0.11\lib\net8.0\Microsoft.EntityFrameworkCore.dll [c:\workspace\ItauTest2\case_itau_net_core\test\CaseItau.Application.IntegrationTests\CaseItau.Application.IntegrationTests.csproj]
C:\Program Files\dotnet\sdk\10.0.104\Microsoft.Common.CurrentVersion.targets(2437,5): warning MSB3277:           Project file item includes which caused reference "C:\Users\vinic\.nuget\packages\microsoft.entityframeworkcore\8.0.11\lib\net8.0\Microsoft.EntityFrameworkCore.dll". [c:\workspace\ItauTest2\case_itau_net_core\test\CaseItau.Application.IntegrationTests\CaseItau.Application.IntegrationTests.csproj]
C:\Program Files\dotnet\sdk\10.0.104\Microsoft.Common.CurrentVersion.targets(2437,5): warning MSB3277:             C:\Users\vinic\.nuget\packages\microsoft.entityframeworkcore\8.0.11\lib\net8.0\Microsoft.EntityFrameworkCore.dll [c:\workspace\ItauTest2\case_itau_net_core\test\CaseItau.Application.IntegrationTests\CaseItau.Application.IntegrationTests.csproj]
C:\Program Files\dotnet\sdk\10.0.104\Microsoft.Common.CurrentVersion.targets(2437,5): warning MSB3277:     References which depend on or have been unified to "Microsoft.EntityFrameworkCore, Version=8.0.26.0, Culture=neutral, PublicKeyToken=adb9793829ddae60" []. [c:\workspace\ItauTest2\case_itau_net_core\test\CaseItau.Application.IntegrationTests\CaseItau.Application.IntegrationTests.csproj]
C:\Program Files\dotnet\sdk\10.0.104\Microsoft.Common.CurrentVersion.targets(2437,5): warning MSB3277:         c:\workspace\ItauTest2\case_itau_net_core\src\CaseItau.API\bin\Debug\net8.0\CaseItau.API.dll [c:\workspace\ItauTest2\case_itau_net_core\test\CaseItau.Application.IntegrationTests\CaseItau.Application.IntegrationTests.csproj]
C:\Program Files\dotnet\sdk\10.0.104\Microsoft.Common.CurrentVersion.targets(2437,5): warning MSB3277:           Project file item includes which caused reference "c:\workspace\ItauTest2\case_itau_net_core\src\CaseItau.API\bin\Debug\net8.0\CaseItau.API.dll". [c:\workspace\ItauTest2\case_itau_net_core\test\CaseItau.Application.IntegrationTests\CaseItau.Application.IntegrationTests.csproj]
C:\Program Files\dotnet\sdk\10.0.104\Microsoft.Common.CurrentVersion.targets(2437,5): warning MSB3277:             c:\workspace\ItauTest2\case_itau_net_core\src\CaseItau.API\bin\Debug\net8.0\CaseItau.API.dll [c:\workspace\ItauTest2\case_itau_net_core\test\CaseItau.Application.IntegrationTests\CaseItau.Application.IntegrationTests.csproj]
C:\Program Files\dotnet\sdk\10.0.104\Microsoft.Common.CurrentVersion.targets(2437,5): warning MSB3277:         c:\workspace\ItauTest2\case_itau_net_core\src\CaseItau.Infra\bin\Debug\net8.0\CaseItau.Infra.dll [c:\workspace\ItauTest2\case_itau_net_core\test\CaseItau.Application.IntegrationTests\CaseItau.Application.IntegrationTests.csproj]
C:\Program Files\dotnet\sdk\10.0.104\Microsoft.Common.CurrentVersion.targets(2437,5): warning MSB3277:           Project file item includes which caused reference "c:\workspace\ItauTest2\case_itau_net_core\src\CaseItau.Infra\bin\Debug\net8.0\CaseItau.Infra.dll". [c:\workspace\ItauTest2\case_itau_net_core\test\CaseItau.Application.IntegrationTests\CaseItau.Application.IntegrationTests.csproj]
C:\Program Files\dotnet\sdk\10.0.104\Microsoft.Common.CurrentVersion.targets(2437,5): warning MSB3277:             c:\workspace\ItauTest2\case_itau_net_core\src\CaseItau.Infra\bin\Debug\net8.0\CaseItau.Infra.dll [c:\workspace\ItauTest2\case_itau_net_core\test\CaseItau.Application.IntegrationTests\CaseItau.Application.IntegrationTests.csproj]
C:\Program Files\dotnet\sdk\10.0.104\Microsoft.Common.CurrentVersion.targets(2437,5): warning MSB3277:             c:\workspace\ItauTest2\case_itau_net_core\src\CaseItau.API\bin\Debug\net8.0\CaseItau.API.dll [c:\workspace\ItauTest2\case_itau_net_core\test\CaseItau.Application.IntegrationTests\CaseItau.Application.IntegrationTests.csproj]
C:\Program Files\dotnet\sdk\10.0.104\Microsoft.Common.CurrentVersion.targets(2437,5): warning MSB3277: Found conflicts between different versions of "Microsoft.EntityFrameworkCore.Relational" that could not be resolved. [c:\workspace\ItauTest2\case_itau_net_core\test\CaseItau.Application.IntegrationTests\CaseItau.Application.IntegrationTests.csproj]
C:\Program Files\dotnet\sdk\10.0.104\Microsoft.Common.CurrentVersion.targets(2437,5): warning MSB3277: There was a conflict between "Microsoft.EntityFrameworkCore.Relational, Version=8.0.11.0, Culture=neutral, PublicKeyToken=adb9793829ddae60" and "Microsoft.EntityFrameworkCore.Relational, Version=8.0.26.0, Culture=neutral, PublicKeyToken=adb9793829ddae60". [c:\workspace\ItauTest2\case_itau_net_core\test\CaseItau.Application.IntegrationTests\CaseItau.Application.IntegrationTests.csproj]
C:\Program Files\dotnet\sdk\10.0.104\Microsoft.Common.CurrentVersion.targets(2437,5): warning MSB3277:     "Microsoft.EntityFrameworkCore.Relational, Version=8.0.11.0, Culture=neutral, PublicKeyToken=adb9793829ddae60" was chosen because it was primary and "Microsoft.EntityFrameworkCore.Relational, Version=8.0.26.0, Culture=neutral, PublicKeyToken=adb9793829ddae60" was not. [c:\workspace\ItauTest2\case_itau_net_core\test\CaseItau.Application.IntegrationTests\CaseItau.Application.IntegrationTests.csproj]
C:\Program Files\dotnet\sdk\10.0.104\Microsoft.Common.CurrentVersion.targets(2437,5): warning MSB3277:     References which depend on "Microsoft.EntityFrameworkCore.Relational, Version=8.0.11.0, Culture=neutral, PublicKeyToken=adb9793829ddae60" [C:\Users\vinic\.nuget\packages\microsoft.entityframeworkcore.relational\8.0.11\lib\net8.0\Microsoft.EntityFrameworkCore.Relational.dll]. [c:\workspace\ItauTest2\case_itau_net_core\test\CaseItau.Application.IntegrationTests\CaseItau.Application.IntegrationTests.csproj]
C:\Program Files\dotnet\sdk\10.0.104\Microsoft.Common.CurrentVersion.targets(2437,5): warning MSB3277:         C:\Users\vinic\.nuget\packages\microsoft.entityframeworkcore.relational\8.0.11\lib\net8.0\Microsoft.EntityFrameworkCore.Relational.dll [c:\workspace\ItauTest2\case_itau_net_core\test\CaseItau.Application.IntegrationTests\CaseItau.Application.IntegrationTests.csproj]
C:\Program Files\dotnet\sdk\10.0.104\Microsoft.Common.CurrentVersion.targets(2437,5): warning MSB3277:           Project file item includes which caused reference "C:\Users\vinic\.nuget\packages\microsoft.entityframeworkcore.relational\8.0.11\lib\net8.0\Microsoft.EntityFrameworkCore.Relational.dll". [c:\workspace\ItauTest2\case_itau_net_core\test\CaseItau.Application.IntegrationTests\CaseItau.Application.IntegrationTests.csproj]
C:\Program Files\dotnet\sdk\10.0.104\Microsoft.Common.CurrentVersion.targets(2437,5): warning MSB3277:             C:\Users\vinic\.nuget\packages\microsoft.entityframeworkcore.relational\8.0.11\lib\net8.0\Microsoft.EntityFrameworkCore.Relational.dll [c:\workspace\ItauTest2\case_itau_net_core\test\CaseItau.Application.IntegrationTests\CaseItau.Application.IntegrationTests.csproj]
C:\Program Files\dotnet\sdk\10.0.104\Microsoft.Common.CurrentVersion.targets(2437,5): warning MSB3277:     References which depend on or have been unified to "Microsoft.EntityFrameworkCore.Relational, Version=8.0.26.0, Culture=neutral, PublicKeyToken=adb9793829ddae60" []. [c:\workspace\ItauTest2\case_itau_net_core\test\CaseItau.Application.IntegrationTests\CaseItau.Application.IntegrationTests.csproj]
C:\Program Files\dotnet\sdk\10.0.104\Microsoft.Common.CurrentVersion.targets(2437,5): warning MSB3277:         c:\workspace\ItauTest2\case_itau_net_core\src\CaseItau.API\bin\Debug\net8.0\CaseItau.API.dll [c:\workspace\ItauTest2\case_itau_net_core\test\CaseItau.Application.IntegrationTests\CaseItau.Application.IntegrationTests.csproj]
C:\Program Files\dotnet\sdk\10.0.104\Microsoft.Common.CurrentVersion.targets(2437,5): warning MSB3277:           Project file item includes which caused reference "c:\workspace\ItauTest2\case_itau_net_core\src\CaseItau.API\bin\Debug\net8.0\CaseItau.API.dll". [c:\workspace\ItauTest2\case_itau_net_core\test\CaseItau.Application.IntegrationTests\CaseItau.Application.IntegrationTests.csproj]
C:\Program Files\dotnet\sdk\10.0.104\Microsoft.Common.CurrentVersion.targets(2437,5): warning MSB3277:             c:\workspace\ItauTest2\case_itau_net_core\src\CaseItau.API\bin\Debug\net8.0\CaseItau.API.dll [c:\workspace\ItauTest2\case_itau_net_core\test\CaseItau.Application.IntegrationTests\CaseItau.Application.IntegrationTests.csproj]
C:\Program Files\dotnet\sdk\10.0.104\Microsoft.Common.CurrentVersion.targets(2437,5): warning MSB3277:         c:\workspace\ItauTest2\case_itau_net_core\src\CaseItau.Infra\bin\Debug\net8.0\CaseItau.Infra.dll [c:\workspace\ItauTest2\case_itau_net_core\test\CaseItau.Application.IntegrationTests\CaseItau.Application.IntegrationTests.csproj]
C:\Program Files\dotnet\sdk\10.0.104\Microsoft.Common.CurrentVersion.targets(2437,5): warning MSB3277:           Project file item includes which caused reference "c:\workspace\ItauTest2\case_itau_net_core\src\CaseItau.Infra\bin\Debug\net8.0\CaseItau.Infra.dll". [c:\workspace\ItauTest2\case_itau_net_core\test\CaseItau.Application.IntegrationTests\CaseItau.Application.IntegrationTests.csproj]
C:\Program Files\dotnet\sdk\10.0.104\Microsoft.Common.CurrentVersion.targets(2437,5): warning MSB3277:             c:\workspace\ItauTest2\case_itau_net_core\src\CaseItau.Infra\bin\Debug\net8.0\CaseItau.Infra.dll [c:\workspace\ItauTest2\case_itau_net_core\test\CaseItau.Application.IntegrationTests\CaseItau.Application.IntegrationTests.csproj]
C:\Program Files\dotnet\sdk\10.0.104\Microsoft.Common.CurrentVersion.targets(2437,5): warning MSB3277:             c:\workspace\ItauTest2\case_itau_net_core\src\CaseItau.API\bin\Debug\net8.0\CaseItau.API.dll [c:\workspace\ItauTest2\case_itau_net_core\test\CaseItau.Application.IntegrationTests\CaseItau.Application.IntegrationTests.csproj]
  CaseItau.Application.IntegrationTests -> c:\workspace\ItauTest2\case_itau_net_core\test\CaseItau.Application.IntegrationTests\bin\Debug\net8.0\CaseItau.Application.IntegrationTests.dll
Test run for c:\workspace\ItauTest2\case_itau_net_core\test\CaseItau.Application.IntegrationTests\bin\Debug\net8.0\CaseItau.Application.IntegrationTests.dll (.NETCoreApp,Version=v8.0)
VSTest version 18.0.1 (x64)

Starting test execution, please wait...
A total of 1 test files matched the specified pattern.
  Failed CaseItau.Application.IntegrationTests.Fundos.AdicionarFundo.AdicionarFundoTests.AdicionarFundo_Deve_CriarFundo_Quando_Command_Valido [1 s]
  Error Message:
   Expected fundoDb!.Nome.Value to be the same string, but they differ at index 1:
    Ôåô (actual)
  "FUNDO TESTE INTEGRACÔÇª"
  "Fundo Teste IntegracÔÇª"
    Ôåæ (expected).
  Stack Trace:
     at FluentAssertions.Execution.LateBoundTestFramework.Throw(String message)
   at FluentAssertions.Execution.TestFrameworkProvider.Throw(String message)
   at FluentAssertions.Execution.DefaultAssertionStrategy.HandleFailure(String message)
   at FluentAssertions.Execution.AssertionScope.FailWith(Func`1 failReasonFunc)
   at FluentAssertions.Execution.AssertionScope.FailWith(Func`1 failReasonFunc)
   at FluentAssertions.Execution.AssertionScope.FailWith(String message, Object[] args)
   at FluentAssertions.Primitives.StringEqualityStrategy.ValidateAgainstMismatch(IAssertionScope assertion, String subject, String expected)
   at FluentAssertions.Primitives.StringValidator.Validate(String subject, String expected)
   at FluentAssertions.Primitives.StringAssertions`1.Be(String expected, String because, Object[] becauseArgs)
   at CaseItau.Application.IntegrationTests.Fundos.AdicionarFundo.AdicionarFundoTests.AdicionarFundo_Deve_CriarFundo_Quando_Command_Valido() in c:\workspace\ItauTest2\case_itau_net_core\test\CaseItau.Application.IntegrationTests\Fundos\AdicionarFundo\AdicionarFundoTests.cs:line 34
--- End of stack trace from previous location ---

Failed!  - Failed:     1, Passed:     0, Skipped:     0, Total:     1, Duration: 1 s - CaseItau.Application.IntegrationTests.dll (net8.0)
